I'm sorry, but errors were detected in your script. Please correct the
errors listed below, and try again.


File "game/inventory.rpy", line 8: expected python_expression
    if: persistent.gamestate <= 2:
      ^

File "game/inventory.rpy", line 10: expected statement.
    else:
        ^

Ren'Py Version: Ren'Py 7.4.10.2178
Mon Apr 11 16:38:34 2022
